MPLINK 4.40, Linker
Linker Map File - Created Tue Apr 28 18:28:09 2020

                                 Section Info
                  Section       Type    Address   Location Size(Bytes)
                ---------  ---------  ---------  ---------  ---------
                   .org_0       code   0x000000    program   0x000000
                   .org_1       code   0x000000    program   0x000002
                   .org_2       code   0x000004    program   0x000002
                   .org_3       code   0x000005    program   0x0005aa
.config_2007_PROYECTOFINAL.O       code   0x002007    program   0x000002



                              Program Memory Usage 
                               Start         End      
                           ---------   ---------      
                            0x000000    0x000000      
                            0x000004    0x0002d9      
                            0x002007    0x002007      
            728 out of 8454 program addresses used, program memory utilization is 8%



                              Symbols - Sorted by Name
                     Name    Address   Location    Storage File                     
                ---------  ---------  ---------  --------- ---------                
          Codigo_NoValido   0x000187    program     static C:\Users\sergi\Dropbox\UPCT\Micro\Prácticas\Proyecto Parte 2\ProyectoFinal.asm
          Codigo_Usuario1   0x0001a9    program     static C:\Users\sergi\Dropbox\UPCT\Micro\Prácticas\Proyecto Parte 2\ProyectoFinal.asm
          Codigo_Usuario2   0x0001db    program     static C:\Users\sergi\Dropbox\UPCT\Micro\Prácticas\Proyecto Parte 2\ProyectoFinal.asm
          Codigo_Usuario3   0x0001fe    program     static C:\Users\sergi\Dropbox\UPCT\Micro\Prácticas\Proyecto Parte 2\ProyectoFinal.asm
              Comprobar_0   0x0002b9    program     static C:\Users\sergi\Dropbox\UPCT\Micro\Prácticas\Proyecto Parte 2\ProyectoFinal.asm
              Comprobar_1   0x0002c0    program     static C:\Users\sergi\Dropbox\UPCT\Micro\Prácticas\Proyecto Parte 2\ProyectoFinal.asm
          Comprobar_Final   0x0002c7    program     static C:\Users\sergi\Dropbox\UPCT\Micro\Prácticas\Proyecto Parte 2\ProyectoFinal.asm
          Comprobar_NDato   0x000136    program     static C:\Users\sergi\Dropbox\UPCT\Micro\Prácticas\Proyecto Parte 2\ProyectoFinal.asm
       Comprobar_Usuario1   0x000160    program     static C:\Users\sergi\Dropbox\UPCT\Micro\Prácticas\Proyecto Parte 2\ProyectoFinal.asm
       Comprobar_Usuario2   0x00016d    program     static C:\Users\sergi\Dropbox\UPCT\Micro\Prácticas\Proyecto Parte 2\ProyectoFinal.asm
       Comprobar_Usuario3   0x00017a    program     static C:\Users\sergi\Dropbox\UPCT\Micro\Prácticas\Proyecto Parte 2\ProyectoFinal.asm
              Comprobar_c   0x0002ab    program     static C:\Users\sergi\Dropbox\UPCT\Micro\Prácticas\Proyecto Parte 2\ProyectoFinal.asm
       Comprobar_columna0   0x0000a3    program     static C:\Users\sergi\Dropbox\UPCT\Micro\Prácticas\Proyecto Parte 2\ProyectoFinal.asm
       Comprobar_columna1   0x0000a8    program     static C:\Users\sergi\Dropbox\UPCT\Micro\Prácticas\Proyecto Parte 2\ProyectoFinal.asm
       Comprobar_columna2   0x0000ad    program     static C:\Users\sergi\Dropbox\UPCT\Micro\Prácticas\Proyecto Parte 2\ProyectoFinal.asm
       Comprobar_columna3   0x0000b2    program     static C:\Users\sergi\Dropbox\UPCT\Micro\Prácticas\Proyecto Parte 2\ProyectoFinal.asm
              Comprobar_s   0x0002b2    program     static C:\Users\sergi\Dropbox\UPCT\Micro\Prácticas\Proyecto Parte 2\ProyectoFinal.asm
               Esperar_tx   0x000294    program     static C:\Users\sergi\Dropbox\UPCT\Micro\Prácticas\Proyecto Parte 2\ProyectoFinal.asm
          Estado_Activado   0x000224    program     static C:\Users\sergi\Dropbox\UPCT\Micro\Prácticas\Proyecto Parte 2\ProyectoFinal.asm
       Estado_Desactivado   0x000277    program     static C:\Users\sergi\Dropbox\UPCT\Micro\Prácticas\Proyecto Parte 2\ProyectoFinal.asm
         Estado_Detectado   0x00023f    program     static C:\Users\sergi\Dropbox\UPCT\Micro\Prácticas\Proyecto Parte 2\ProyectoFinal.asm
         Estado_Disparado   0x00025a    program     static C:\Users\sergi\Dropbox\UPCT\Micro\Prácticas\Proyecto Parte 2\ProyectoFinal.asm
                    Final   0x000130    program     static C:\Users\sergi\Dropbox\UPCT\Micro\Prácticas\Proyecto Parte 2\ProyectoFinal.asm
            Guardar_dato0   0x000146    program     static C:\Users\sergi\Dropbox\UPCT\Micro\Prácticas\Proyecto Parte 2\ProyectoFinal.asm
            Guardar_dato1   0x000149    program     static C:\Users\sergi\Dropbox\UPCT\Micro\Prácticas\Proyecto Parte 2\ProyectoFinal.asm
            Guardar_dato2   0x00014c    program     static C:\Users\sergi\Dropbox\UPCT\Micro\Prácticas\Proyecto Parte 2\ProyectoFinal.asm
            Guardar_dato3   0x00014f    program     static C:\Users\sergi\Dropbox\UPCT\Micro\Prácticas\Proyecto Parte 2\ProyectoFinal.asm
                      ISR   0x000047    program     static C:\Users\sergi\Dropbox\UPCT\Micro\Prácticas\Proyecto Parte 2\ProyectoFinal.asm
         Interrupcion_RB0   0x0002d2    program     static C:\Users\sergi\Dropbox\UPCT\Micro\Prácticas\Proyecto Parte 2\ProyectoFinal.asm
        Interrupcion_RBIF   0x00005d    program     static C:\Users\sergi\Dropbox\UPCT\Micro\Prácticas\Proyecto Parte 2\ProyectoFinal.asm
          Recepcion_USART   0x000297    program     static C:\Users\sergi\Dropbox\UPCT\Micro\Prácticas\Proyecto Parte 2\ProyectoFinal.asm
              Retardo_10s   0x00007d    program     static C:\Users\sergi\Dropbox\UPCT\Micro\Prácticas\Proyecto Parte 2\ProyectoFinal.asm
              Retardo_15s   0x00006f    program     static C:\Users\sergi\Dropbox\UPCT\Micro\Prácticas\Proyecto Parte 2\ProyectoFinal.asm
                   Rutina   0x000056    program     static C:\Users\sergi\Dropbox\UPCT\Micro\Prácticas\Proyecto Parte 2\ProyectoFinal.asm
       Salir_Comprobacion   0x0002d0    program     static C:\Users\sergi\Dropbox\UPCT\Micro\Prácticas\Proyecto Parte 2\ProyectoFinal.asm
       Salir_Interrupcion   0x00005b    program     static C:\Users\sergi\Dropbox\UPCT\Micro\Prácticas\Proyecto Parte 2\ProyectoFinal.asm
         Sensor_Detectado   0x0002d6    program     static C:\Users\sergi\Dropbox\UPCT\Micro\Prácticas\Proyecto Parte 2\ProyectoFinal.asm
           Validar_Codigo   0x000154    program     static C:\Users\sergi\Dropbox\UPCT\Micro\Prácticas\Proyecto Parte 2\ProyectoFinal.asm
                bucle_10s   0x000081    program     static C:\Users\sergi\Dropbox\UPCT\Micro\Prácticas\Proyecto Parte 2\ProyectoFinal.asm
                bucle_15s   0x000072    program     static C:\Users\sergi\Dropbox\UPCT\Micro\Prácticas\Proyecto Parte 2\ProyectoFinal.asm
                 columna0   0x0000ca    program     static C:\Users\sergi\Dropbox\UPCT\Micro\Prácticas\Proyecto Parte 2\ProyectoFinal.asm
                 columna1   0x0000d7    program     static C:\Users\sergi\Dropbox\UPCT\Micro\Prácticas\Proyecto Parte 2\ProyectoFinal.asm
                 columna2   0x0000e4    program     static C:\Users\sergi\Dropbox\UPCT\Micro\Prácticas\Proyecto Parte 2\ProyectoFinal.asm
                 columna3   0x0000f1    program     static C:\Users\sergi\Dropbox\UPCT\Micro\Prácticas\Proyecto Parte 2\ProyectoFinal.asm
                continuar   0x000096    program     static C:\Users\sergi\Dropbox\UPCT\Micro\Prácticas\Proyecto Parte 2\ProyectoFinal.asm
              esperar_10s   0x000083    program     static C:\Users\sergi\Dropbox\UPCT\Micro\Prácticas\Proyecto Parte 2\ProyectoFinal.asm
              esperar_15s   0x000074    program     static C:\Users\sergi\Dropbox\UPCT\Micro\Prácticas\Proyecto Parte 2\ProyectoFinal.asm
             esperar_30ms   0x00008d    program     static C:\Users\sergi\Dropbox\UPCT\Micro\Prácticas\Proyecto Parte 2\ProyectoFinal.asm
        identificar_tecla   0x000094    program     static C:\Users\sergi\Dropbox\UPCT\Micro\Prácticas\Proyecto Parte 2\ProyectoFinal.asm
      incrementar_columna   0x000092    program     static C:\Users\sergi\Dropbox\UPCT\Micro\Prácticas\Proyecto Parte 2\ProyectoFinal.asm
                   inicio   0x000005    program     static C:\Users\sergi\Dropbox\UPCT\Micro\Prácticas\Proyecto Parte 2\ProyectoFinal.asm
                     main   0x000046    program     static C:\Users\sergi\Dropbox\UPCT\Micro\Prácticas\Proyecto Parte 2\ProyectoFinal.asm
             retardo_30ms   0x00008a    program     static C:\Users\sergi\Dropbox\UPCT\Micro\Prácticas\Proyecto Parte 2\ProyectoFinal.asm
                  tecla_0   0x0000fe    program     static C:\Users\sergi\Dropbox\UPCT\Micro\Prácticas\Proyecto Parte 2\ProyectoFinal.asm
                  tecla_1   0x000101    program     static C:\Users\sergi\Dropbox\UPCT\Micro\Prácticas\Proyecto Parte 2\ProyectoFinal.asm
                  tecla_2   0x000104    program     static C:\Users\sergi\Dropbox\UPCT\Micro\Prácticas\Proyecto Parte 2\ProyectoFinal.asm
                  tecla_3   0x000107    program     static C:\Users\sergi\Dropbox\UPCT\Micro\Prácticas\Proyecto Parte 2\ProyectoFinal.asm
                  tecla_4   0x00010a    program     static C:\Users\sergi\Dropbox\UPCT\Micro\Prácticas\Proyecto Parte 2\ProyectoFinal.asm
                  tecla_5   0x00010d    program     static C:\Users\sergi\Dropbox\UPCT\Micro\Prácticas\Proyecto Parte 2\ProyectoFinal.asm
                  tecla_6   0x000110    program     static C:\Users\sergi\Dropbox\UPCT\Micro\Prácticas\Proyecto Parte 2\ProyectoFinal.asm
                  tecla_7   0x000113    program     static C:\Users\sergi\Dropbox\UPCT\Micro\Prácticas\Proyecto Parte 2\ProyectoFinal.asm
                  tecla_8   0x000116    program     static C:\Users\sergi\Dropbox\UPCT\Micro\Prácticas\Proyecto Parte 2\ProyectoFinal.asm
                  tecla_9   0x000119    program     static C:\Users\sergi\Dropbox\UPCT\Micro\Prácticas\Proyecto Parte 2\ProyectoFinal.asm
                  tecla_A   0x00011c    program     static C:\Users\sergi\Dropbox\UPCT\Micro\Prácticas\Proyecto Parte 2\ProyectoFinal.asm
                  tecla_B   0x00011f    program     static C:\Users\sergi\Dropbox\UPCT\Micro\Prácticas\Proyecto Parte 2\ProyectoFinal.asm
                  tecla_C   0x000122    program     static C:\Users\sergi\Dropbox\UPCT\Micro\Prácticas\Proyecto Parte 2\ProyectoFinal.asm
                  tecla_D   0x000125    program     static C:\Users\sergi\Dropbox\UPCT\Micro\Prácticas\Proyecto Parte 2\ProyectoFinal.asm
          tecla_NOpulsada   0x0000b7    program     static C:\Users\sergi\Dropbox\UPCT\Micro\Prácticas\Proyecto Parte 2\ProyectoFinal.asm
            tecla_PULSADA   0x0000bc    program     static C:\Users\sergi\Dropbox\UPCT\Micro\Prácticas\Proyecto Parte 2\ProyectoFinal.asm
                tecla_alm   0x00012b    program     static C:\Users\sergi\Dropbox\UPCT\Micro\Prácticas\Proyecto Parte 2\ProyectoFinal.asm
                tecla_ast   0x000128    program     static C:\Users\sergi\Dropbox\UPCT\Micro\Prácticas\Proyecto Parte 2\ProyectoFinal.asm
              ultima_fila   0x00012e    program     static C:\Users\sergi\Dropbox\UPCT\Micro\Prácticas\Proyecto Parte 2\ProyectoFinal.asm



                              Symbols - Sorted by Address
                     Name    Address   Location    Storage File                     
                ---------  ---------  ---------  --------- ---------                
                   inicio   0x000005    program     static C:\Users\sergi\Dropbox\UPCT\Micro\Prácticas\Proyecto Parte 2\ProyectoFinal.asm
                     main   0x000046    program     static C:\Users\sergi\Dropbox\UPCT\Micro\Prácticas\Proyecto Parte 2\ProyectoFinal.asm
                      ISR   0x000047    program     static C:\Users\sergi\Dropbox\UPCT\Micro\Prácticas\Proyecto Parte 2\ProyectoFinal.asm
                   Rutina   0x000056    program     static C:\Users\sergi\Dropbox\UPCT\Micro\Prácticas\Proyecto Parte 2\ProyectoFinal.asm
       Salir_Interrupcion   0x00005b    program     static C:\Users\sergi\Dropbox\UPCT\Micro\Prácticas\Proyecto Parte 2\ProyectoFinal.asm
        Interrupcion_RBIF   0x00005d    program     static C:\Users\sergi\Dropbox\UPCT\Micro\Prácticas\Proyecto Parte 2\ProyectoFinal.asm
              Retardo_15s   0x00006f    program     static C:\Users\sergi\Dropbox\UPCT\Micro\Prácticas\Proyecto Parte 2\ProyectoFinal.asm
                bucle_15s   0x000072    program     static C:\Users\sergi\Dropbox\UPCT\Micro\Prácticas\Proyecto Parte 2\ProyectoFinal.asm
              esperar_15s   0x000074    program     static C:\Users\sergi\Dropbox\UPCT\Micro\Prácticas\Proyecto Parte 2\ProyectoFinal.asm
              Retardo_10s   0x00007d    program     static C:\Users\sergi\Dropbox\UPCT\Micro\Prácticas\Proyecto Parte 2\ProyectoFinal.asm
                bucle_10s   0x000081    program     static C:\Users\sergi\Dropbox\UPCT\Micro\Prácticas\Proyecto Parte 2\ProyectoFinal.asm
              esperar_10s   0x000083    program     static C:\Users\sergi\Dropbox\UPCT\Micro\Prácticas\Proyecto Parte 2\ProyectoFinal.asm
             retardo_30ms   0x00008a    program     static C:\Users\sergi\Dropbox\UPCT\Micro\Prácticas\Proyecto Parte 2\ProyectoFinal.asm
             esperar_30ms   0x00008d    program     static C:\Users\sergi\Dropbox\UPCT\Micro\Prácticas\Proyecto Parte 2\ProyectoFinal.asm
      incrementar_columna   0x000092    program     static C:\Users\sergi\Dropbox\UPCT\Micro\Prácticas\Proyecto Parte 2\ProyectoFinal.asm
        identificar_tecla   0x000094    program     static C:\Users\sergi\Dropbox\UPCT\Micro\Prácticas\Proyecto Parte 2\ProyectoFinal.asm
                continuar   0x000096    program     static C:\Users\sergi\Dropbox\UPCT\Micro\Prácticas\Proyecto Parte 2\ProyectoFinal.asm
       Comprobar_columna0   0x0000a3    program     static C:\Users\sergi\Dropbox\UPCT\Micro\Prácticas\Proyecto Parte 2\ProyectoFinal.asm
       Comprobar_columna1   0x0000a8    program     static C:\Users\sergi\Dropbox\UPCT\Micro\Prácticas\Proyecto Parte 2\ProyectoFinal.asm
       Comprobar_columna2   0x0000ad    program     static C:\Users\sergi\Dropbox\UPCT\Micro\Prácticas\Proyecto Parte 2\ProyectoFinal.asm
       Comprobar_columna3   0x0000b2    program     static C:\Users\sergi\Dropbox\UPCT\Micro\Prácticas\Proyecto Parte 2\ProyectoFinal.asm
          tecla_NOpulsada   0x0000b7    program     static C:\Users\sergi\Dropbox\UPCT\Micro\Prácticas\Proyecto Parte 2\ProyectoFinal.asm
            tecla_PULSADA   0x0000bc    program     static C:\Users\sergi\Dropbox\UPCT\Micro\Prácticas\Proyecto Parte 2\ProyectoFinal.asm
                 columna0   0x0000ca    program     static C:\Users\sergi\Dropbox\UPCT\Micro\Prácticas\Proyecto Parte 2\ProyectoFinal.asm
                 columna1   0x0000d7    program     static C:\Users\sergi\Dropbox\UPCT\Micro\Prácticas\Proyecto Parte 2\ProyectoFinal.asm
                 columna2   0x0000e4    program     static C:\Users\sergi\Dropbox\UPCT\Micro\Prácticas\Proyecto Parte 2\ProyectoFinal.asm
                 columna3   0x0000f1    program     static C:\Users\sergi\Dropbox\UPCT\Micro\Prácticas\Proyecto Parte 2\ProyectoFinal.asm
                  tecla_0   0x0000fe    program     static C:\Users\sergi\Dropbox\UPCT\Micro\Prácticas\Proyecto Parte 2\ProyectoFinal.asm
                  tecla_1   0x000101    program     static C:\Users\sergi\Dropbox\UPCT\Micro\Prácticas\Proyecto Parte 2\ProyectoFinal.asm
                  tecla_2   0x000104    program     static C:\Users\sergi\Dropbox\UPCT\Micro\Prácticas\Proyecto Parte 2\ProyectoFinal.asm
                  tecla_3   0x000107    program     static C:\Users\sergi\Dropbox\UPCT\Micro\Prácticas\Proyecto Parte 2\ProyectoFinal.asm
                  tecla_4   0x00010a    program     static C:\Users\sergi\Dropbox\UPCT\Micro\Prácticas\Proyecto Parte 2\ProyectoFinal.asm
                  tecla_5   0x00010d    program     static C:\Users\sergi\Dropbox\UPCT\Micro\Prácticas\Proyecto Parte 2\ProyectoFinal.asm
                  tecla_6   0x000110    program     static C:\Users\sergi\Dropbox\UPCT\Micro\Prácticas\Proyecto Parte 2\ProyectoFinal.asm
                  tecla_7   0x000113    program     static C:\Users\sergi\Dropbox\UPCT\Micro\Prácticas\Proyecto Parte 2\ProyectoFinal.asm
                  tecla_8   0x000116    program     static C:\Users\sergi\Dropbox\UPCT\Micro\Prácticas\Proyecto Parte 2\ProyectoFinal.asm
                  tecla_9   0x000119    program     static C:\Users\sergi\Dropbox\UPCT\Micro\Prácticas\Proyecto Parte 2\ProyectoFinal.asm
                  tecla_A   0x00011c    program     static C:\Users\sergi\Dropbox\UPCT\Micro\Prácticas\Proyecto Parte 2\ProyectoFinal.asm
                  tecla_B   0x00011f    program     static C:\Users\sergi\Dropbox\UPCT\Micro\Prácticas\Proyecto Parte 2\ProyectoFinal.asm
                  tecla_C   0x000122    program     static C:\Users\sergi\Dropbox\UPCT\Micro\Prácticas\Proyecto Parte 2\ProyectoFinal.asm
                  tecla_D   0x000125    program     static C:\Users\sergi\Dropbox\UPCT\Micro\Prácticas\Proyecto Parte 2\ProyectoFinal.asm
                tecla_ast   0x000128    program     static C:\Users\sergi\Dropbox\UPCT\Micro\Prácticas\Proyecto Parte 2\ProyectoFinal.asm
                tecla_alm   0x00012b    program     static C:\Users\sergi\Dropbox\UPCT\Micro\Prácticas\Proyecto Parte 2\ProyectoFinal.asm
              ultima_fila   0x00012e    program     static C:\Users\sergi\Dropbox\UPCT\Micro\Prácticas\Proyecto Parte 2\ProyectoFinal.asm
                    Final   0x000130    program     static C:\Users\sergi\Dropbox\UPCT\Micro\Prácticas\Proyecto Parte 2\ProyectoFinal.asm
          Comprobar_NDato   0x000136    program     static C:\Users\sergi\Dropbox\UPCT\Micro\Prácticas\Proyecto Parte 2\ProyectoFinal.asm
            Guardar_dato0   0x000146    program     static C:\Users\sergi\Dropbox\UPCT\Micro\Prácticas\Proyecto Parte 2\ProyectoFinal.asm
            Guardar_dato1   0x000149    program     static C:\Users\sergi\Dropbox\UPCT\Micro\Prácticas\Proyecto Parte 2\ProyectoFinal.asm
            Guardar_dato2   0x00014c    program     static C:\Users\sergi\Dropbox\UPCT\Micro\Prácticas\Proyecto Parte 2\ProyectoFinal.asm
            Guardar_dato3   0x00014f    program     static C:\Users\sergi\Dropbox\UPCT\Micro\Prácticas\Proyecto Parte 2\ProyectoFinal.asm
           Validar_Codigo   0x000154    program     static C:\Users\sergi\Dropbox\UPCT\Micro\Prácticas\Proyecto Parte 2\ProyectoFinal.asm
       Comprobar_Usuario1   0x000160    program     static C:\Users\sergi\Dropbox\UPCT\Micro\Prácticas\Proyecto Parte 2\ProyectoFinal.asm
       Comprobar_Usuario2   0x00016d    program     static C:\Users\sergi\Dropbox\UPCT\Micro\Prácticas\Proyecto Parte 2\ProyectoFinal.asm
       Comprobar_Usuario3   0x00017a    program     static C:\Users\sergi\Dropbox\UPCT\Micro\Prácticas\Proyecto Parte 2\ProyectoFinal.asm
          Codigo_NoValido   0x000187    program     static C:\Users\sergi\Dropbox\UPCT\Micro\Prácticas\Proyecto Parte 2\ProyectoFinal.asm
          Codigo_Usuario1   0x0001a9    program     static C:\Users\sergi\Dropbox\UPCT\Micro\Prácticas\Proyecto Parte 2\ProyectoFinal.asm
          Codigo_Usuario2   0x0001db    program     static C:\Users\sergi\Dropbox\UPCT\Micro\Prácticas\Proyecto Parte 2\ProyectoFinal.asm
          Codigo_Usuario3   0x0001fe    program     static C:\Users\sergi\Dropbox\UPCT\Micro\Prácticas\Proyecto Parte 2\ProyectoFinal.asm
          Estado_Activado   0x000224    program     static C:\Users\sergi\Dropbox\UPCT\Micro\Prácticas\Proyecto Parte 2\ProyectoFinal.asm
         Estado_Detectado   0x00023f    program     static C:\Users\sergi\Dropbox\UPCT\Micro\Prácticas\Proyecto Parte 2\ProyectoFinal.asm
         Estado_Disparado   0x00025a    program     static C:\Users\sergi\Dropbox\UPCT\Micro\Prácticas\Proyecto Parte 2\ProyectoFinal.asm
       Estado_Desactivado   0x000277    program     static C:\Users\sergi\Dropbox\UPCT\Micro\Prácticas\Proyecto Parte 2\ProyectoFinal.asm
               Esperar_tx   0x000294    program     static C:\Users\sergi\Dropbox\UPCT\Micro\Prácticas\Proyecto Parte 2\ProyectoFinal.asm
          Recepcion_USART   0x000297    program     static C:\Users\sergi\Dropbox\UPCT\Micro\Prácticas\Proyecto Parte 2\ProyectoFinal.asm
              Comprobar_c   0x0002ab    program     static C:\Users\sergi\Dropbox\UPCT\Micro\Prácticas\Proyecto Parte 2\ProyectoFinal.asm
              Comprobar_s   0x0002b2    program     static C:\Users\sergi\Dropbox\UPCT\Micro\Prácticas\Proyecto Parte 2\ProyectoFinal.asm
              Comprobar_0   0x0002b9    program     static C:\Users\sergi\Dropbox\UPCT\Micro\Prácticas\Proyecto Parte 2\ProyectoFinal.asm
              Comprobar_1   0x0002c0    program     static C:\Users\sergi\Dropbox\UPCT\Micro\Prácticas\Proyecto Parte 2\ProyectoFinal.asm
          Comprobar_Final   0x0002c7    program     static C:\Users\sergi\Dropbox\UPCT\Micro\Prácticas\Proyecto Parte 2\ProyectoFinal.asm
       Salir_Comprobacion   0x0002d0    program     static C:\Users\sergi\Dropbox\UPCT\Micro\Prácticas\Proyecto Parte 2\ProyectoFinal.asm
         Interrupcion_RB0   0x0002d2    program     static C:\Users\sergi\Dropbox\UPCT\Micro\Prácticas\Proyecto Parte 2\ProyectoFinal.asm
         Sensor_Detectado   0x0002d6    program     static C:\Users\sergi\Dropbox\UPCT\Micro\Prácticas\Proyecto Parte 2\ProyectoFinal.asm


